=====================================================================
Verification results (after the dependency-audit fix)
=====================================================================

1) npm ci
   -> exit 0
   -> uuid = 11.1.1, shell-quote = 1.12.0

2) npm run typecheck   (tsc --noEmit)
   -> exit 0

3) npm run lint        (expo lint / eslint)
   -> exit 0

4) npm test            (legacy-harness + execution + phase1 + frontend + phase2 + backend + pain-map)
   -> exit 0
   -> backend suite: # tests 141, # pass 141, # fail 0, # skipped 0
   -> pain-map: "Validation passed for data/anatomyPainMap.json"
   -> 0 "not ok" lines across the whole run

5) npm run build       (expo export --platform web)
   -> exit 0
   -> "Exported: dist" with 20 static routes

6) npm audit
   -> exit 1
   -> 21 vulnerabilities (3 moderate, 18 high, 0 critical)
   -> remaining 3 leaf advisories are unfixable under the constraints
      (braces: no patch; node-forge: no patch; decode-uri-component: ESM-only fix)

7) xcode + uuid@11 compatibility check
   -> require('xcode') OK
   -> require('xcode/lib/pbxProject') OK
   -> require('uuid').v4() returns a valid v4 UUID

FILES CHANGED (5, +33 / -9)
---------------------------
  package.json                        (added "uuid": "^11.1.1" to overrides)
  package-lock.json                   (regenerated by npm; uuid 7.0.3 -> 11.1.1)
  .github/workflows/ci.yml            (poppler-utils install — from previous accepted fix)
  .github/workflows/quality.yml       (poppler-utils install — from previous accepted fix)
  backend/test/tools-await.test.mjs   (pdf.extract self-skip — from previous accepted fix)
